SET enable_seqscan = off;
CREATE TABLE t (val vector(3));
INSERT INTO t (val) VALUES ('[0,0,0]'), ('[1,2,3]'), ('[1,1,1]'), ('[1,2,4]'), (NULL);
CREATE INDEX ON t USING ivf (val vector_ip_ops) WITH (lists = 1, quantizer = 'SQ8');
SELECT * FROM t ORDER BY val <#> '[3,3,3]';
   val   
---------
 [1,2,4]
 [1,2,3]
 [1,1,1]
 [0,0,0]
(4 rows)

SELECT COUNT(*) FROM (SELECT * FROM t ORDER BY val <#> (SELECT NULL::vector)) t2;
 count 
-------
     4
(1 row)

DROP TABLE t;
