SET enable_seqscan = off;
CREATE TABLE t (val vector);
INSERT INTO t (val) VALUES ('[0,0,0]'), ('[1,2,3]'), ('[1,1,1]'), (NULL);
CREATE INDEX t_val_1 ON t USING ivfflat (val vector_cosine_ops) WITH (lists = 1, dims = 3);
INSERT INTO t (val) VALUES ('[1,2,4]');
INSERT INTO t (val) VALUES ('[1,2,4,5]');
ERROR:  expected 3 dimensions, not 4
SELECT * FROM t ORDER BY val <=> '[3,3,3]';
   val   
---------
 [1,1,1]
 [1,2,3]
 [1,2,4]
(3 rows)

INSERT INTO t (val) VALUES ('[1,2,4,5]');
ERROR:  expected 3 dimensions, not 4
CREATE INDEX t_val_2 ON t USING ivfflat (val vector_cosine_ops) WITH (lists = 1, dims = 4);
ERROR:  expected 4 dimensions, not 3
TRUNCATE t;
NOTICE:  ivfflat index created with little data
DETAIL:  This will cause low recall.
HINT:  Drop the index until the table has more data.
CREATE INDEX t_val_3 ON t USING ivfflat (val vector_cosine_ops) WITH (lists = 1, dims = 4);
NOTICE:  ivfflat index created with little data
DETAIL:  This will cause low recall.
HINT:  Drop the index until the table has more data.
INSERT INTO t (val) VALUES ('[1,2,4]');
ERROR:  expected 4 dimensions, not 3
DROP TABLE t;
